Polymino figures: 

0
Massive view:
[ 0 , 0 ] 1 [ 0 , 1 ] 0 [ 0 , 2 ] 0 [ 0 , 3 ] 0 
[ 1 , 0 ] 1 [ 1 , 1 ] 0 [ 1 , 2 ] 0 [ 1 , 3 ] 0 
[ 2 , 0 ] 1 [ 2 , 1 ] 1 [ 2 , 2 ] 0 [ 2 , 3 ] 0 
[ 3 , 0 ] 1 [ 3 , 1 ] 1 [ 3 , 2 ] 0 [ 3 , 3 ] 0 

Possible provisions:
RDDRDDLLUUUU
DLLDLLUURRRR
LUULUURRDDDD
URRURRDDLLLL
LDDLDDRRUUUU
ULLULLDDRRRR
RUURUULLDDDD
DRRDRRUULLLL

1
Massive view:
[ 0 , 0 ] 1 [ 0 , 1 ] 1 [ 0 , 2 ] 1 
[ 1 , 0 ] 1 [ 1 , 1 ] 1 [ 1 , 2 ] 1 
[ 2 , 0 ] 0 [ 2 , 1 ] 0 [ 2 , 2 ] 0 

Possible provisions:
RRRDDLLLUU
DDDLLUUURR
LLLUURRRDD
UUURRDDDLL
LLLDDRRRUU
UUULLDDDRR
RRRUULLLDD
DDDRRUUULL

Available sizes: 
[ 3 , 8 ] 
[ 4 , 6 ] 

Square of the figure: 24
